[www.22codes.com/demo/javascript/eroller/index.html]
[backblue.gif]
[fade.gif]
[index.html]
[www.22codes.com/demo/javascript/eroller/css/bootstrap.min.css]
[www.22codes.com/demo/javascript/eroller/css/font-awesome/css/font-awesome.min.css]
[www.22codes.com/demo/javascript/eroller/css/styles.css]
[www.22codes.com/demo/javascript/eroller/css/eroller.css]
[www.22codes.com/demo/javascript/eroller/css/prism.css]
[www.22codes.com/demo/javascript/eroller/js/jquery.min.js]
[www.22codes.com/demo/javascript/eroller/js/bootstrap.min.js]
[www.22codes.com/demo/javascript/eroller/js/prism-min.js]
[www.22codes.com/demo/javascript/eroller/index.html]
[www.22codes.com/demo/javascript/eroller/js/scripts.js]
[www.22codes.com/demo/javascript/eroller/fonts/glyphicons-halflings-regular.eot]
[www.22codes.com/demo/javascript/eroller/fonts/glyphicons-halflings-regulard41d.eot]
[www.22codes.com/demo/javascript/eroller/fonts/glyphicons-halflings-regular.woff2]
[www.22codes.com/demo/javascript/eroller/fonts/glyphicons-halflings-regular.woff]
[www.22codes.com/demo/javascript/eroller/fonts/glyphicons-halflings-regular.ttf]
[www.22codes.com/demo/javascript/eroller/fonts/glyphicons-halflings-regular.svg]
[www.22codes.com/demo/javascript/eroller/css/bootstrap.min.css]
[www.22codes.com/demo/javascript/eroller/css/font-awesome/fonts/fontawesome-webfont3e6e.eot]
[www.22codes.com/demo/javascript/eroller/css/font-awesome/fonts/fontawesome-webfontd41d.eot]
[www.22codes.com/demo/javascript/eroller/css/font-awesome/fonts/fontawesome-webfont3e6e.woff2]
[www.22codes.com/demo/javascript/eroller/css/font-awesome/fonts/fontawesome-webfont3e6e.woff]
[www.22codes.com/demo/javascript/eroller/css/font-awesome/fonts/fontawesome-webfont3e6e.ttf]
[www.22codes.com/demo/javascript/eroller/css/font-awesome/css/font-awesome.min.css]
[www.22codes.com/demo/javascript/eroller/css/styles.css]
[www.22codes.com/demo/javascript/eroller/css/eroller.css]
[www.22codes.com/demo/javascript/eroller/css/prism.css]
[www.22codes.com/demo/javascript/eroller/fonts/glyphicons-halflings-regular.html]
[www.22codes.com/demo/javascript/eroller/fonts/glyphicons-halflings-regulard41d.html]
[www.22codes.com/demo/javascript/eroller/fonts/glyphicons-halflings-regular-2.html]
[www.22codes.com/demo/javascript/eroller/fonts/glyphicons-halflings-regular-3.html]
[www.22codes.com/demo/javascript/eroller/fonts/glyphicons-halflings-regular-4.html]
[www.22codes.com/demo/javascript/eroller/fonts/glyphicons-halflings-regular-5.html]
[www.22codes.com/demo/javascript/eroller/css/font-awesome/fonts/fontawesome-webfont3e6e.svg]
