[www.22codes.com/demo/javascript/superwheel/index.html]
[backblue.gif]
[fade.gif]
[index.html]
[www.22codes.com/demo/javascript/superwheel/assets/css/bootstrap.css]
[www.22codes.com/demo/javascript/superwheel/assets/css/prism.css]
[www.22codes.com/demo/javascript/superwheel/assets/css/sweetalert2.min.css]
[www.22codes.com/demo/javascript/superwheel/dist/superwheel.css]
[www.22codes.com/demo/javascript/superwheel/assets/css/main.css]
[www.22codes.com/demo/javascript/superwheel/assets/js/jquery-3.3.1.js]
[www.22codes.com/demo/javascript/superwheel/assets/js/bootstrap.bundle.js]
[www.22codes.com/demo/javascript/superwheel/dist/superwheel.js]
[www.22codes.com/demo/javascript/superwheel/assets/js/prism.js]
[www.22codes.com/demo/javascript/superwheel/assets/js/sweetalert2.min.js]
[www.22codes.com/demo/javascript/superwheel/assets/js/main.js]
[www.22codes.com/demo/javascript/superwheel/assets/media/tick.mp3]
[www.googletagmanager.com/gtag/js0100]
[www.22codes.com/demo/javascript/superwheel/builder.html]
[www.22codes.com/demo/javascript/superwheel/docs.html]
[codecanyon.net/item/super-wheel-super-easy-and-fully-controlled-wheel-of-fortune/22764259.html]
[www.22codes.com/demo/javascript/superwheel/templates/left/left.html]
[www.22codes.com/demo/javascript/superwheel/assets/img/superWheel_left.png]
[www.22codes.com/demo/javascript/superwheel/templates/top/top.html]
[www.22codes.com/demo/javascript/superwheel/assets/img/superWheel_top.png]
[www.22codes.com/demo/javascript/superwheel/templates/standard/standard.html]
[www.22codes.com/demo/javascript/superwheel/assets/img/superWheel_standard.png]
[www.22codes.com/demo/javascript/superwheel/templates/horizontal/horizontal.html]
[www.22codes.com/demo/javascript/superwheel/templates/horizontal-arc/horizontal-arc.html]
[www.22codes.com/demo/javascript/superwheel/templates/letter-spacing/letter-spacing.html]
[www.22codes.com/demo/javascript/superwheel/templates/with-image/with-image.html]
[www.22codes.com/demo/javascript/superwheel/templates/with-icons/with-icons.html]
[www.22codes.com/demo/javascript/superwheel/assets/img/superWheel_coming.png]
[www.22codes.com/demo/javascript/superwheel/index.html]
[www.22codes.com/demo/javascript/superwheel/assets/css/bootstrap.css]
[www.22codes.com/demo/javascript/superwheel/assets/css/prism.css]
[www.22codes.com/demo/javascript/superwheel/assets/css/sweetalert2.min.css]
[www.22codes.com/demo/javascript/superwheel/dist/superwheel.css]
[www.22codes.com/demo/javascript/superwheel/assets/css/main.css]
[sweetalert.js.org/index.html]
[fonts.googleapis.com/cssfdf4.css]
[22codes.com/index.html]
[www.22codes.com/demo/javascript/superwheel/vendor/font-awesome/css/font-awesome.min.css]
[www.22codes.com/demo/javascript/superwheel/vendor/spectrum/spectrum.css]
[www.22codes.com/demo/javascript/superwheel/vendor/prism.css]
[www.22codes.com/demo/javascript/superwheel/assets/css/builder.css]
[www.22codes.com/demo/javascript/superwheel/vendor/serializejson.min.js]
[www.22codes.com/demo/javascript/superwheel/assets/js/jquery.easing.1.3.js]
[www.22codes.com/demo/javascript/superwheel/vendor/spectrum/spectrum.js]
[www.22codes.com/demo/javascript/superwheel/vendor/jquery.colourbrightness.min.js]
[www.22codes.com/demo/javascript/superwheel/vendor/prism-min.js]
[www.22codes.com/demo/javascript/superwheel/assets/js/builder.js]
[www.22codes.com/demo/javascript/superwheel/assets/js/scripts.js]
[www.22codes.com/demo/javascript/superwheel/builder.html]
[www.22codes.com/demo/javascript/superwheel/docs.html]
[www.22codes.com/demo/javascript/superwheel/index-2.html]
[public-assets.envato-static.com/icons/codecanyon.net/apple-touch-icon-72x72-precomposed.png]
[public-assets.envato-static.com/icons/codecanyon.net/apple-touch-icon-114x114-precomposed.png]
[public-assets.envato-static.com/icons/codecanyon.net/apple-touch-icon-144x144-precomposed.png]
[public-assets.envato-static.com/icons/codecanyon.net/apple-touch-icon-precomposed.png]
[public-assets.envato-static.com/assets/market/pages/default/index-043389a9ebff4f84747585c80ae84542ef2e86be509e751b93d4aa7324758844.css]
[public-assets.envato-static.com/assets/market/core/index-f7af68cb9f1edd852c5ab7a566dcdbcf205fc2e328bc3994e6027063d1b101e0.css]
[public-assets.envato-static.com/css/cookiebot.css]
[public-assets.envato-static.com/assets/market/core/head-df4183f2f1b84caa8ad6707c533e562f18a9eaae2b2e4d2081cf439c23343ad3.js]
[public-assets.envato-static.com/assets/common/transparent-1px-93ae7d494fad0fb30cbf3ae746a39c4bc7a0f8bbf87fbb587a3f3c01f3c5ce20.png]
[codecanyon.net/item/super-wheel-super-easy-and-fully-controlled-wheel-of-fortune/22764259/comments.html]
[codecanyon.net/item/super-wheel-super-easy-and-fully-controlled-wheel-of-fortune/22764259/support.html]
[s3.envato.com/files/255647452/sperWheel_Thumbnail.png]
[codecanyon.img.customer.envatousercontent.com/files/255647453/sperWheel_Preview080a.jpg]
[s3.envato.com/files/255647455/01_preview1.jpg]
[s3.envato.com/files/255647455/02_preview2.jpg]
[s3.envato.com/files/255647455/03_closeup.jpg]
[codecanyon.net/item/super-wheel-super-easy-and-fully-controlled-wheel-of-fortune/screenshots/22764259.html]
[public-assets.envato-static.com/assets/market/core/index-5a409d78ea4a9b790a674156a782d0b6d2d0e10cbb82840c5e0b343e6bf0a239.js]
[public-assets.envato-static.com/assets/market/pages/default/index-4adec2b6c768f1bffdf1af92cfc9dbeec4671f7971ba71577e345e1d9d7b069f.js]
[public-assets.envato-static.com/assets/market/core/lazyload-5315ade2c4aa09869ae52bad5f4e45ea446b86d4365327a7d9ba005397379ac3.js]
[consent.cookiebot.com/uc.js]
[codecanyon.net/item/super-wheel-super-easy-and-fully-controlled-wheel-of-fortune/linkid.40.delayed]
[www.google-analytics.com/analytics.js]
[codecanyon.net/item/super-wheel-super-easy-and-fully-controlled-wheel-of-fortune/22764259.html]
[www.22codes.com/demo/javascript/superwheel/templates/left/css/reset.css]
[www.22codes.com/demo/javascript/superwheel/templates/left/css/sweetalert2.min.css]
[www.22codes.com/demo/javascript/superwheel/templates/left/css/style.css]
[www.22codes.com/demo/javascript/superwheel/templates/left/js/jquery-2.1.1.js]
[www.22codes.com/demo/javascript/superwheel/templates/left/js/sweetalert2.min.js]
[www.22codes.com/demo/javascript/superwheel/templates/left/left.html]
[www.22codes.com/demo/javascript/superwheel/templates/left/js/main.js]
[www.22codes.com/demo/javascript/superwheel/templates/top/css/reset.css]
[www.22codes.com/demo/javascript/superwheel/templates/top/css/sweetalert2.min.css]
[www.22codes.com/demo/javascript/superwheel/templates/top/css/style.css]
[www.22codes.com/demo/javascript/superwheel/templates/top/js/jquery-2.1.1.js]
[www.22codes.com/demo/javascript/superwheel/templates/top/js/sweetalert2.min.js]
[www.22codes.com/demo/javascript/superwheel/templates/top/top.html]
[www.22codes.com/demo/javascript/superwheel/templates/top/js/main.js]
[www.22codes.com/demo/javascript/superwheel/templates/standard/css/reset.css]
[www.22codes.com/demo/javascript/superwheel/templates/standard/css/sweetalert2.min.css]
[www.22codes.com/demo/javascript/superwheel/templates/standard/css/style.css]
[www.22codes.com/demo/javascript/superwheel/templates/standard/js/jquery-2.1.1.js]
[www.22codes.com/demo/javascript/superwheel/templates/standard/js/sweetalert2.min.js]
[www.22codes.com/demo/javascript/superwheel/templates/standard/standard.html]
[www.22codes.com/demo/javascript/superwheel/templates/standard/js/main.js]
[www.22codes.com/demo/javascript/superwheel/templates/horizontal/css/reset.css]
[www.22codes.com/demo/javascript/superwheel/templates/horizontal/css/sweetalert2.min.css]
[www.22codes.com/demo/javascript/superwheel/templates/horizontal/css/style.css]
[www.22codes.com/demo/javascript/superwheel/templates/horizontal/js/jquery-2.1.1.js]
[www.22codes.com/demo/javascript/superwheel/templates/horizontal/js/sweetalert2.min.js]
[www.22codes.com/demo/javascript/superwheel/templates/horizontal/horizontal.html]
[www.22codes.com/demo/javascript/superwheel/templates/horizontal/js/main.js]
[www.22codes.com/demo/javascript/superwheel/templates/horizontal-arc/css/reset.css]
[www.22codes.com/demo/javascript/superwheel/templates/horizontal-arc/css/sweetalert2.min.css]
[www.22codes.com/demo/javascript/superwheel/templates/horizontal-arc/css/style.css]
[www.22codes.com/demo/javascript/superwheel/templates/horizontal-arc/js/jquery-2.1.1.js]
[www.22codes.com/demo/javascript/superwheel/templates/horizontal-arc/js/sweetalert2.min.js]
[www.22codes.com/demo/javascript/superwheel/templates/horizontal-arc/horizontal-arc.html]
[www.22codes.com/demo/javascript/superwheel/templates/horizontal-arc/js/main.js]
[www.22codes.com/demo/javascript/superwheel/templates/letter-spacing/css/reset.css]
[www.22codes.com/demo/javascript/superwheel/templates/letter-spacing/css/sweetalert2.min.css]
[www.22codes.com/demo/javascript/superwheel/templates/letter-spacing/css/style.css]
[www.22codes.com/demo/javascript/superwheel/templates/letter-spacing/js/jquery-2.1.1.js]
[www.22codes.com/demo/javascript/superwheel/templates/letter-spacing/js/sweetalert2.min.js]
[www.22codes.com/demo/javascript/superwheel/templates/letter-spacing/letter-spacing.html]
[www.22codes.com/demo/javascript/superwheel/templates/letter-spacing/js/main.js]
[www.22codes.com/demo/javascript/superwheel/templates/with-image/css/reset.css]
[www.22codes.com/demo/javascript/superwheel/templates/with-image/css/sweetalert2.min.css]
[www.22codes.com/demo/javascript/superwheel/templates/with-image/vendor/font-awesome/css/font-awesome.min.css]
[www.22codes.com/demo/javascript/superwheel/templates/with-image/css/style.css]
[www.22codes.com/demo/javascript/superwheel/templates/with-image/js/jquery-2.1.1.js]
[www.22codes.com/demo/javascript/superwheel/templates/with-image/js/sweetalert2.min.js]
[www.22codes.com/demo/javascript/superwheel/templates/with-image/with-image.html]
[www.22codes.com/demo/javascript/superwheel/templates/with-image/js/main.js]
[www.22codes.com/demo/javascript/superwheel/templates/with-icons/css/reset.css]
[www.22codes.com/demo/javascript/superwheel/templates/with-icons/css/sweetalert2.min.css]
[www.22codes.com/demo/javascript/superwheel/templates/with-icons/vendor/font-awesome/css/font-awesome.min.css]
[www.22codes.com/demo/javascript/superwheel/templates/with-icons/css/style.css]
[www.22codes.com/demo/javascript/superwheel/templates/with-icons/js/jquery-2.1.1.js]
[www.22codes.com/demo/javascript/superwheel/templates/with-icons/js/sweetalert2.min.js]
[www.22codes.com/demo/javascript/superwheel/templates/with-icons/with-icons.html]
[www.22codes.com/demo/javascript/superwheel/templates/with-icons/js/main.js]
[sweetalert.js.org/assets/css/app.css]
[sweetalert.js.org/assets/sweetalert/sweetalert.min.js]
[sweetalert.js.org/index.html]
[sweetalert.js.org/assets/js/index.js]
[www.22codes.com/demo/javascript/superwheel/vendor/font-awesome/fonts/fontawesome-webfont3e6e.eot]
[www.22codes.com/demo/javascript/superwheel/vendor/font-awesome/fonts/fontawesome-webfontd41d.eot]
[www.22codes.com/demo/javascript/superwheel/vendor/font-awesome/fonts/fontawesome-webfont3e6e.woff2]
[www.22codes.com/demo/javascript/superwheel/vendor/font-awesome/fonts/fontawesome-webfont3e6e.woff]
[www.22codes.com/demo/javascript/superwheel/vendor/font-awesome/fonts/fontawesome-webfont3e6e.ttf]
[www.22codes.com/demo/javascript/superwheel/vendor/font-awesome/css/font-awesome.min.css]
[www.22codes.com/demo/javascript/superwheel/vendor/spectrum/spectrum.css]
[www.22codes.com/demo/javascript/superwheel/vendor/prism.css]
[www.22codes.com/demo/javascript/superwheel/assets/css/builder.css]
[www.22codes.com/demo/javascript/superwheel/index-2.html]
[public-assets.envato-static.com/assets/common/pagination_loader-7fb337642f4cde133550f90749ee6eeb94b0d56dce6ae041cacc18c2bae22699.gif]
[public-assets.envato-static.com/assets/market/core/index-f7af68cb9f1edd852c5ab7a566dcdbcf205fc2e328bc3994e6027063d1b101e0.css]
[public-assets.envato-static.com/assets/homepage_banner-5fd7aa3d7595431c2a83cc50e8d74606f21e3679d7d1d49c64311ffe080dbb82.jpg]
[public-assets.envato-static.com/assets/market/pages/default/index-043389a9ebff4f84747585c80ae84542ef2e86be509e751b93d4aa7324758844.css]
[public-assets.envato-static.com/css/cookiebot.css]
[codecanyon.net/images/smileys/happy.png]
[public-assets.envato-static.com/assets/common/icons-buttons/default-user-2962fd43ee315eafee8bfc08f02fee84687beb0499de44e5ab2873399944b0fe.jpg]
[codecanyon.net/item/super-wheel-super-easy-and-fully-controlled-wheel-of-fortune/22764259/linkid.js]
[codecanyon.net/item/super-wheel-super-easy-and-fully-controlled-wheel-of-fortune/22764259/comments.html]
[codecanyon.net/item/super-wheel-super-easy-and-fully-controlled-wheel-of-fortune/22764259/support.html]
[public-assets.envato-static.com/assets/market/pages/preview/index-004d35cdd5d555cdd3e956d1b916825642de06529f0fe91fd9f390813761d2fc.css]
[public-assets.envato-static.com/assets/market/pages/full_screen_preview/index-93832b0e8f98adc2554e53192df64a62f143cfa3fe51322a66ef4056c548420b.js]
[codecanyon.net/item/super-wheel-super-easy-and-fully-controlled-wheel-of-fortune/screenshots/22764259cb24.html]
[s3.envato.com/files/255647455/01_preview1.__thumbnail.jpg]
[codecanyon.net/item/super-wheel-super-easy-and-fully-controlled-wheel-of-fortune/screenshots/227642592ab3.html]
[s3.envato.com/files/255647455/02_preview2.__thumbnail.jpg]
[codecanyon.net/item/super-wheel-super-easy-and-fully-controlled-wheel-of-fortune/screenshots/22764259006d.html]
[s3.envato.com/files/255647455/03_closeup.__thumbnail.jpg]
[codecanyon.net/item/super-wheel-super-easy-and-fully-controlled-wheel-of-fortune/screenshots/linkid.js]
[codecanyon.net/item/super-wheel-super-easy-and-fully-controlled-wheel-of-fortune/screenshots/22764259.html]
[codecanyon.net/item/super-wheel-super-easy-and-fully-controlled-wheel-of-fortune/linkid.js]
[www.googletagmanager.com/gtm5445.html]
[fonts.googleapis.com/css13b7.css]
[www.22codes.com/demo/javascript/superwheel/templates/left/css/reset.css]
[www.22codes.com/demo/javascript/superwheel/templates/left/css/sweetalert2.min.css]
[www.22codes.com/demo/javascript/superwheel/templates/left/img/shattered-island.gif]
[www.22codes.com/demo/javascript/superwheel/templates/left/css/style.css]
[www.22codes.com/demo/javascript/superwheel/templates/top/css/reset.css]
[www.22codes.com/demo/javascript/superwheel/templates/top/css/sweetalert2.min.css]
[www.22codes.com/demo/javascript/superwheel/templates/top/img/shattered-island.gif]
[www.22codes.com/demo/javascript/superwheel/templates/top/css/style.css]
[www.22codes.com/demo/javascript/superwheel/templates/standard/css/reset.css]
[www.22codes.com/demo/javascript/superwheel/templates/standard/css/sweetalert2.min.css]
[www.22codes.com/demo/javascript/superwheel/templates/standard/css/style.css]
[www.22codes.com/demo/javascript/superwheel/templates/horizontal/css/reset.css]
[www.22codes.com/demo/javascript/superwheel/templates/horizontal/css/sweetalert2.min.css]
[www.22codes.com/demo/javascript/superwheel/templates/horizontal/css/style.css]
[www.22codes.com/demo/javascript/superwheel/templates/horizontal-arc/css/reset.css]
[www.22codes.com/demo/javascript/superwheel/templates/horizontal-arc/css/sweetalert2.min.css]
[www.22codes.com/demo/javascript/superwheel/templates/horizontal-arc/css/style.css]
[www.22codes.com/demo/javascript/superwheel/templates/letter-spacing/css/reset.css]
[www.22codes.com/demo/javascript/superwheel/templates/letter-spacing/css/sweetalert2.min.css]
[www.22codes.com/demo/javascript/superwheel/templates/letter-spacing/css/style.css]
[www.22codes.com/demo/javascript/superwheel/templates/with-image/css/reset.css]
[www.22codes.com/demo/javascript/superwheel/templates/with-image/css/sweetalert2.min.css]
[www.22codes.com/demo/javascript/superwheel/templates/with-image/vendor/font-awesome/fonts/fontawesome-webfont3e6e.eot]
[www.22codes.com/demo/javascript/superwheel/templates/with-image/vendor/font-awesome/fonts/fontawesome-webfontd41d.eot]
[www.22codes.com/demo/javascript/superwheel/templates/with-image/vendor/font-awesome/fonts/fontawesome-webfont3e6e.woff2]
[www.22codes.com/demo/javascript/superwheel/templates/with-image/vendor/font-awesome/fonts/fontawesome-webfont3e6e.woff]
[www.22codes.com/demo/javascript/superwheel/templates/with-image/vendor/font-awesome/fonts/fontawesome-webfont3e6e.ttf]
[www.22codes.com/demo/javascript/superwheel/templates/with-image/vendor/font-awesome/css/font-awesome.min.css]
[www.22codes.com/demo/javascript/superwheel/templates/with-image/css/style.css]
[www.22codes.com/demo/javascript/superwheel/templates/with-icons/css/reset.css]
[www.22codes.com/demo/javascript/superwheel/templates/with-icons/css/sweetalert2.min.css]
[www.22codes.com/demo/javascript/superwheel/templates/with-icons/vendor/font-awesome/fonts/fontawesome-webfont3e6e.eot]
[www.22codes.com/demo/javascript/superwheel/templates/with-icons/vendor/font-awesome/fonts/fontawesome-webfontd41d.eot]
[www.22codes.com/demo/javascript/superwheel/templates/with-icons/vendor/font-awesome/fonts/fontawesome-webfont3e6e.woff2]
[www.22codes.com/demo/javascript/superwheel/templates/with-icons/vendor/font-awesome/fonts/fontawesome-webfont3e6e.woff]
[www.22codes.com/demo/javascript/superwheel/templates/with-icons/vendor/font-awesome/fonts/fontawesome-webfont3e6e.ttf]
[www.22codes.com/demo/javascript/superwheel/templates/with-icons/vendor/font-awesome/css/font-awesome.min.css]
[www.22codes.com/demo/javascript/superwheel/templates/with-icons/css/style.css]
[sweetalert.js.org/assets/images/logo.svg]
[sweetalert.js.org/assets/images/github.svg]
[sweetalert.js.org/assets/images/vs.svg]
[sweetalert.js.org/assets/images/logo-small.svg]
[sweetalert.js.org/assets/images/pattern.png]
[sweetalert.js.org/assets/images/pattern@2x.png]
[sweetalert.js.org/assets/images/modal-examples.png]
[sweetalert.js.org/assets/images/modal-examples@2x.png]
[sweetalert.js.org/assets/images/mood-sad.png]
[sweetalert.js.org/assets/images/mood-neutral.png]
[sweetalert.js.org/assets/images/mood-happy.png]
[sweetalert.js.org/assets/images/heart-icon.svg]
[sweetalert.js.org/assets/css/app.css]
[fonts.googleapis.com/css0b81.css]
[fonts.googleapis.com/css91fb.css]
[sweetalert.js.org/guides/index.html]
[sweetalert.js.org/docs/index.html]
[www.22codes.com/demo/javascript/superwheel/vendor/font-awesome/fonts/fontawesome-webfont3e6e.svg]
[public-assets.envato-static.com/assets/market/pages/images/down.png]
[codecanyon.net/item/super-wheel-super-easy-and-fully-controlled-wheel-of-fortune/22764259/linkid.js]
[public-assets.envato-static.com/assets/market/pages/preview/index-004d35cdd5d555cdd3e956d1b916825642de06529f0fe91fd9f390813761d2fc.css]
[codecanyon.net/item/super-wheel-super-easy-and-fully-controlled-wheel-of-fortune/screenshots/22764259cb24.html]
[codecanyon.net/item/super-wheel-super-easy-and-fully-controlled-wheel-of-fortune/screenshots/227642592ab3.html]
[codecanyon.net/item/super-wheel-super-easy-and-fully-controlled-wheel-of-fortune/screenshots/22764259006d.html]
[codecanyon.net/item/super-wheel-super-easy-and-fully-controlled-wheel-of-fortune/screenshots/linkid.js]
[www.22codes.com/demo/javascript/superwheel/templates/with-image/vendor/font-awesome/fonts/fontawesome-webfont3e6e.svg]
[www.22codes.com/demo/javascript/superwheel/templates/with-icons/vendor/font-awesome/fonts/fontawesome-webfont3e6e.svg]
[sweetalert.js.org/assets/images/logo.svg]
[sweetalert.js.org/assets/images/github.svg]
[sweetalert.js.org/assets/images/vs.svg]
[sweetalert.js.org/assets/images/logo-small.svg]
[sweetalert.js.org/assets/images/heart-icon.svg]
